SKDownload:StoreKit/SKDownload.json
_UIDatePickerView:UIKit/_UIDatePickerView.json
UIControl:UIKit/UIControl.json
SKPayment:StoreKit/SKPayment.json
SKPaymentQueue:StoreKit/SKPaymentQueue.json
SKPaymentQueueInternal:StoreKit/SKPaymentQueueInternal.json
SKPaymentInternal:StoreKit/SKPaymentInternal.json
SKPaymentTransaction:StoreKit/SKPaymentTransaction.json
UIScrollView:UIKit/UIScrollView.json
NSURLRequest:CFNetwork/NSURLRequest.json
SKProductsResponse:StoreKit/SKProductsResponse.json
UIView:UIKit/UIView.json
SKRequest:StoreKit/SKRequest.json
UIScreen:UIKit/UIScreen.json
UIStepper:UIKit/UIStepper.json
SKProductsRequestInternal:StoreKit/SKProductsRequestInternal.json
UIDatePicker:UIKit/UIDatePicker.json
SKProductInternal:StoreKit/SKProductInternal.json
UIProgressView:UIKit/UIProgressView.json
SKPaymentTransactionInternal:StoreKit/SKPaymentTransactionInternal.json
SKProduct:StoreKit/SKProduct.json
UISlider:UIKit/UISlider.json
UIButton:UIKit/UIButton.json
UIResponder:UIKit/UIResponder.json
UILabel:UIKit/UILabel.json
UISwitch:UIKit/UISwitch.json
UIPageControl:UIKit/UIPageControl.json
UIAlertView:UIKit/UIAlertView.json
SKReceiptRefreshRequest:StoreKit/SKReceiptRefreshRequest.json
UIPickerView:UIKit/UIPickerView.json
SKProductsRequest:StoreKit/SKProductsRequest.json
SKRequestInternal:StoreKit/SKRequestInternal.json
SKProductsResponseInternal:StoreKit/SKProductsResponseInternal.json
CALayer:QuartzCore/CALayer.json
UITextField:UIKit/UITextField.json
UIViewController:UIKit/UIViewController.json
UISegmentedControl:UIKit/UISegmentedControl.json