SKDownload:StoreKit/SKDownload.json
UIControl:UIKit/UIControl.json
SKPayment:StoreKit/SKPayment.json
SKPaymentQueueInternal:StoreKit/SKPaymentQueueInternal.json
SKPaymentInternal:StoreKit/SKPaymentInternal.json
SKPaymentTransaction:StoreKit/SKPaymentTransaction.json
UIScrollView:UIKit/UIScrollView.json
NSURLRequest:CFNetwork/NSURLRequest.json
UIScreen:UIKit/UIScreen.json
SKProductInternal:StoreKit/SKProductInternal.json
UIProgressView:UIKit/UIProgressView.json
UIResponder:UIKit/UIResponder.json
UISwitch:UIKit/UISwitch.json
UIAlertController:UIKit/UIAlertController.json
UIPageControl:UIKit/UIPageControl.json
UIPickerView:UIKit/UIPickerView.json
SKProductsRequest:StoreKit/SKProductsRequest.json
SKRequestInternal:StoreKit/SKRequestInternal.json
UINavigationController:UIKit/UINavigationController.json
UITextField:UIKit/UITextField.json
UISlider:UIKit/UISlider.json
_UIDatePickerView:UIKit/_UIDatePickerView.json
UIAlertAction:UIKit/UIAlertAction.json
SKPaymentQueue:StoreKit/SKPaymentQueue.json
__NSConcreteURLComponents:Foundation/__NSConcreteURLComponents.json
SKProductsResponse:StoreKit/SKProductsResponse.json
UIView:UIKit/UIView.json
SKRequest:StoreKit/SKRequest.json
NSURLRequestInternal:CFNetwork/NSURLRequestInternal.json
NSURLComponents:Foundation/NSURLComponents.json
SKProductsRequestInternal:StoreKit/SKProductsRequestInternal.json
UIDatePicker:UIKit/UIDatePicker.json
UIStoryboard:UIKit/UIStoryboard.json
UIBarItem:UIKit/UIBarItem.json
SKProduct:StoreKit/SKProduct.json
SKPaymentTransactionInternal:StoreKit/SKPaymentTransactionInternal.json
UILabel:UIKit/UILabel.json
UIButton:UIKit/UIButton.json
UIStepper:UIKit/UIStepper.json
UIStoryboardSegue:UIKit/UIStoryboardSegue.json
UIAlertView:UIKit/UIAlertView.json
SKReceiptRefreshRequest:StoreKit/SKReceiptRefreshRequest.json
UIViewController:UIKit/UIViewController.json
SKProductsResponseInternal:StoreKit/SKProductsResponseInternal.json
CALayer:QuartzCore/CALayer.json
UIBarButtonItem:UIKit/UIBarButtonItem.json
UISegmentedControl:UIKit/UISegmentedControl.json