SKDownload:StoreKit/SKDownload.json
UIControl:UIKit/UIControl.json
SKPayment:StoreKit/SKPayment.json
SKPaymentQueueInternal:StoreKit/SKPaymentQueueInternal.json
__NSOperationQueueInternal:Foundation/__NSOperationQueueInternal.json
NSURLResponseInternal:CFNetwork/NSURLResponseInternal.json
UIEvent:UIKit/UIEvent.json
SKPaymentInternal:StoreKit/SKPaymentInternal.json
SKPaymentTransaction:StoreKit/SKPaymentTransaction.json
UIDeviceRGBColor:UIKit/UIDeviceRGBColor.json
UIScrollView:UIKit/UIScrollView.json
NSHTTPURLResponse:CFNetwork/NSHTTPURLResponse.json
NSURLRequest:CFNetwork/NSURLRequest.json
__NSOperationInternal:Foundation/__NSOperationInternal.json
UIScreen:UIKit/UIScreen.json
NSURLConnection:CFNetwork/NSURLConnection.json
NSHTTPURLResponseInternal:CFNetwork/NSHTTPURLResponseInternal.json
UITouchesEvent:UIKit/UITouchesEvent.json
UINibStorage:UIKit/UINibStorage.json
UITableViewCell:UIKit/UITableViewCell.json
SKProductInternal:StoreKit/SKProductInternal.json
UIProgressView:UIKit/UIProgressView.json
UIResponder:UIKit/UIResponder.json
UIDeviceWhiteColor:UIKit/UIDeviceWhiteColor.json
UIColor:UIKit/UIColor.json
NSURLSession:CFNetwork/NSURLSession.json
UISwitch:UIKit/UISwitch.json
UIAlertController:UIKit/UIAlertController.json
UIPageControl:UIKit/UIPageControl.json
UINib:UIKit/UINib.json
UITouch:UIKit/UITouch.json
NSURLSessionConfiguration:CFNetwork/NSURLSessionConfiguration.json
NSLayoutConstraint:Foundation/NSLayoutConstraint.json
UIPickerView:UIKit/UIPickerView.json
__NSConcreteURLComponents:Foundation/__NSConcreteURLComponents.json
SKRequestInternal:StoreKit/SKRequestInternal.json
UINavigationController:UIKit/UINavigationController.json
UITextField:UIKit/UITextField.json
UISlider:UIKit/UISlider.json
_UIDatePickerView:UIKit/_UIDatePickerView.json
UIAlertAction:UIKit/UIAlertAction.json
NSURLResponse:CFNetwork/NSURLResponse.json
SKPaymentQueue:StoreKit/SKPaymentQueue.json
SKProductsRequest:StoreKit/SKProductsRequest.json
NSOperation:Foundation/NSOperation.json
SKProductsResponse:StoreKit/SKProductsResponse.json
UIView:UIKit/UIView.json
SKRequest:StoreKit/SKRequest.json
NSURLRequestInternal:CFNetwork/NSURLRequestInternal.json
NSURLComponents:Foundation/NSURLComponents.json
NSURLConnectionInternal:CFNetwork/NSURLConnectionInternal.json
SKProductsRequestInternal:StoreKit/SKProductsRequestInternal.json
UIDatePicker:UIKit/UIDatePicker.json
UIStoryboard:UIKit/UIStoryboard.json
UIInternalEvent:UIKit/UIInternalEvent.json
UIBarItem:UIKit/UIBarItem.json
SKProduct:StoreKit/SKProduct.json
SKPaymentTransactionInternal:StoreKit/SKPaymentTransactionInternal.json
UIImageView:UIKit/UIImageView.json
NSOperationQueue:Foundation/NSOperationQueue.json
UIButton:UIKit/UIButton.json
UIStepper:UIKit/UIStepper.json
UILabel:UIKit/UILabel.json
UIStoryboardSegue:UIKit/UIStoryboardSegue.json
UIAlertView:UIKit/UIAlertView.json
SKReceiptRefreshRequest:StoreKit/SKReceiptRefreshRequest.json
UIViewController:UIKit/UIViewController.json
SKProductsResponseInternal:StoreKit/SKProductsResponseInternal.json
CALayer:QuartzCore/CALayer.json
UIImage:UIKit/UIImage.json
UIBarButtonItem:UIKit/UIBarButtonItem.json
UISegmentedControl:UIKit/UISegmentedControl.json